// Vitest Snapshot v1, https://vitest.dev/guide/snapshot.html

exports[`walkthroughScreenJson > serializes the full screen list to the stable JSON contract 1`] = `
[
  {
    "kind": "intro",
    "position": 1,
    "text": "Welcome to our test!",
  },
  {
    "allow_multiple": true,
    "asset_id": null,
    "asset_status": null,
    "asset_type": null,
    "choices": [
      "Helpful",
      "Clear",
      "Confusing",
    ],
    "has_asset": false,
    "kind": "question",
    "position": 2,
    "q_number": 1,
    "question": "How does this page feel?",
    "randomize_choices": true,
    "raw_type": "MultipleChoiceDirectiveSection",
    "renderable": "full",
    "scale_type": null,
    "site_link": null,
    "type": "multiple_choice",
    "type_label": "Multiple Choice",
    "ux_metric": null,
  },
  {
    "allow_multiple": false,
    "asset_id": null,
    "asset_status": null,
    "asset_type": null,
    "choices": [
      "Not at all",
      "Slightly",
      "Mostly",
      "Completely",
    ],
    "has_asset": false,
    "kind": "question",
    "position": 3,
    "q_number": 2,
    "question": "How well do you understand the offering?",
    "randomize_choices": false,
    "raw_type": "LikertDirectiveSection",
    "renderable": "full",
    "scale_type": "comprehension",
    "site_link": null,
    "type": "likert",
    "type_label": "Likert",
    "ux_metric": "comprehension",
  },
  {
    "allow_multiple": false,
    "asset_id": null,
    "asset_status": null,
    "asset_type": null,
    "choices": [],
    "has_asset": false,
    "kind": "question",
    "position": 4,
    "q_number": 3,
    "question": "Click where you would go first.",
    "randomize_choices": false,
    "raw_type": "ClickTestDirectiveSection",
    "renderable": "placeholder",
    "scale_type": null,
    "site_link": null,
    "type": "click_test",
    "type_label": "Click Test",
    "ux_metric": null,
  },
  {
    "allow_multiple": false,
    "asset_id": 60755,
    "asset_status": "complete",
    "asset_type": "image",
    "choices": [],
    "has_asset": true,
    "kind": "question",
    "position": 5,
    "q_number": 4,
    "question": "What would you improve?",
    "randomize_choices": false,
    "raw_type": "FreeResponseDirectiveSection",
    "renderable": "full",
    "scale_type": null,
    "site_link": null,
    "type": "free_response",
    "type_label": "Free Response",
    "ux_metric": null,
  },
]
`;
